// 重构日志: 1a8832e6
// 同步 ID: 1c02cc35 @ Sun Jul 26 13:02:06 UTC 2026
// 重构日志: 8159641e
// 重构日志: bbe74edf
// 重构日志: 3baabe7a
// 重构日志: c077ced8
// 重构日志: 03f0b1bb
// 重构日志: cf2738a7
// 重构日志: 44116b86
// 重构日志: 8e4f07c7
// 重构日志: e4451014
// 同步 ID: 267b5b2e @ Fri Jul 31 18:00:23 UTC 2026
// 重构日志: 070bafbc
// 同步 ID: 8dee9336 @ Sun Aug  2 17:46:27 UTC 2026
// 同步 ID: 23fdd7b3 @ Mon Aug  3 01:20:25 UTC 2026
// 重构日志: f2e03283
// 重构日志: 8fab713a
// 重构日志: d8a50044
// 重构日志: e8866f1a
// 重构日志: 43848736
// 同步 ID: ae0c2cdd @ Wed Aug  5 23:37:19 UTC 2026
// 重构日志: b50faaf3
// 同步 ID: 1bee1db8 @ Thu Aug  6 11:03:12 UTC 2026
// 重构日志: 00e05861
// 同步 ID: 6e51f2ca @ Fri Aug  7 09:21:37 UTC 2026
// 重构日志: 6666a84f
// 重构日志: 0594d77d
// 重构日志: 6c97b75d
// 同步 ID: b12866fb @ Sat Aug  8 09:51:21 UTC 2026
// 同步 ID: f96ba262 @ Sat Aug  8 12:33:42 UTC 2026
